2025-10-08T03:10:09.828Z 	 info: Azurite Blob service is starting on 0.0.0.0:10000
2025-10-08T03:10:09.829Z 	 info: AccountDataStore:init() Refresh accounts from environment variable AZURITE_ACCOUNTS with value undefined
2025-10-08T03:10:09.829Z 	 info: AccountDataStore:init() Fallback to default emulator account devstoreaccount1.
2025-10-08T03:10:09.847Z 	 info: BlobGCManager:start() Starting BlobGCManager. Set status to Initializing.
2025-10-08T03:10:09.847Z 	 info: BlobGCManager:start() Trigger mark and sweep loop. Set status to Running.
2025-10-08T03:10:09.848Z 	 info: BlobGCManager:markSweepLoop() Start next mark and sweep.
2025-10-08T03:10:09.848Z 	 info: BlobGCManager:markSweep() Get all extents.
2025-10-08T03:10:09.849Z 	 info: BlobGCManager:start() BlobGCManager successfully started.
2025-10-08T03:10:09.851Z 	 info: BlobGCManager:markSweep() Got 0 extents.
2025-10-08T03:10:09.851Z 	 info: BlobGCManager:markSweep() Get referred extents.
2025-10-08T03:10:09.852Z 	 info: BlobGCManager:markSweep() Got referred extents, unreferenced extents count is 0.
2025-10-08T03:10:09.852Z 	 info: BlobGCManager:markSweepLoop() Mark and sweep finished, taken 4ms.
2025-10-08T03:10:09.852Z 	 info: BlobGCManager:markSweepLoop() Sleep for 600000ms.
2025-10-08T03:10:09.857Z 	 info: Azurite Blob service successfully listens on http://0.0.0.0:10000
2025-10-08T03:10:09.861Z 	 info: InstaceID 666abe92-08ec-43cc-b41a-c7b9d6e1b65d, SessionID da8f310b-68f1-4e81-be58-0da366312e52.
2025-10-08T03:10:09.896Z 	 info: Telemetry initialize successfully.
2025-10-08T03:10:09.900Z 	 verbose: Send start telemetry
2025-10-08T03:11:09.832Z 	 info: AccountDataStore:init() Refresh accounts from environment variable AZURITE_ACCOUNTS with value undefined
2025-10-08T03:11:09.832Z 	 info: AccountDataStore:init() Fallback to default emulator account devstoreaccount1.
2025-10-08T03:12:09.834Z 	 info: AccountDataStore:init() Refresh accounts from environment variable AZURITE_ACCOUNTS with value undefined
2025-10-08T03:12:09.834Z 	 info: AccountDataStore:init() Fallback to default emulator account devstoreaccount1.
2025-10-08T03:13:09.837Z 	 info: AccountDataStore:init() Refresh accounts from environment variable AZURITE_ACCOUNTS with value undefined
2025-10-08T03:13:09.837Z 	 info: AccountDataStore:init() Fallback to default emulator account devstoreaccount1.
2025-10-08T03:14:09.839Z 	 info: AccountDataStore:init() Refresh accounts from environment variable AZURITE_ACCOUNTS with value undefined
2025-10-08T03:14:09.839Z 	 info: AccountDataStore:init() Fallback to default emulator account devstoreaccount1.
2025-10-08T03:15:09.842Z 	 info: AccountDataStore:init() Refresh accounts from environment variable AZURITE_ACCOUNTS with value undefined
2025-10-08T03:15:09.842Z 	 info: AccountDataStore:init() Fallback to default emulator account devstoreaccount1.
2025-10-08T03:16:09.842Z 	 info: AccountDataStore:init() Refresh accounts from environment variable AZURITE_ACCOUNTS with value undefined
2025-10-08T03:16:09.843Z 	 info: AccountDataStore:init() Fallback to default emulator account devstoreaccount1.
2025-10-08T03:17:09.844Z 	 info: AccountDataStore:init() Refresh accounts from environment variable AZURITE_ACCOUNTS with value undefined
2025-10-08T03:17:09.844Z 	 info: AccountDataStore:init() Fallback to default emulator account devstoreaccount1.
2025-10-08T03:18:09.845Z 	 info: AccountDataStore:init() Refresh accounts from environment variable AZURITE_ACCOUNTS with value undefined
2025-10-08T03:18:09.845Z 	 info: AccountDataStore:init() Fallback to default emulator account devstoreaccount1.
2025-10-08T03:19:09.847Z 	 info: AccountDataStore:init() Refresh accounts from environment variable AZURITE_ACCOUNTS with value undefined
2025-10-08T03:19:09.847Z 	 info: AccountDataStore:init() Fallback to default emulator account devstoreaccount1.
2025-10-08T03:20:09.828Z 	 info: BlobGCManager:markSweepLoop() Start next mark and sweep.
2025-10-08T03:20:09.828Z 	 info: BlobGCManager:markSweep() Get all extents.
2025-10-08T03:20:09.828Z 	 info: BlobGCManager:markSweep() Got 0 extents.
2025-10-08T03:20:09.828Z 	 info: BlobGCManager:markSweep() Get referred extents.
2025-10-08T03:20:09.828Z 	 info: BlobGCManager:markSweep() Got referred extents, unreferenced extents count is 0.
2025-10-08T03:20:09.828Z 	 info: BlobGCManager:markSweepLoop() Mark and sweep finished, taken 0ms.
2025-10-08T03:20:09.828Z 	 info: BlobGCManager:markSweepLoop() Sleep for 600000ms.
2025-10-08T03:20:09.845Z 	 info: AccountDataStore:init() Refresh accounts from environment variable AZURITE_ACCOUNTS with value undefined
2025-10-08T03:20:09.845Z 	 info: AccountDataStore:init() Fallback to default emulator account devstoreaccount1.
2025-10-08T03:20:28.261Z d0d50340-0cdd-4d56-be5d-633bd88a875a info: BlobStorageContextMiddleware: RequestMethod=GET RequestURL=http://localhost/ RequestHeaders:{"host":"localhost:10000","connection":"keep-alive","sec-ch-ua":"\"Not)A;Brand\";v=\"8\", \"Chromium\";v=\"138\", \"Opera GX\";v=\"122\"","sec-ch-ua-mobile":"?0","sec-ch-ua-platform":"\"Windows\"","upgrade-insecure-requests":"1","user-agent":"Mozilla/5.0 (Windows NT 10.0; Win64; x64) AppleWebKit/537.36 (KHTML, like Gecko) Chrome/138.0.0.0 Safari/537.36 OPR/122.0.0.0","accept":"text/html,application/xhtml+xml,application/xml;q=0.9,image/avif,image/webp,image/apng,*/*;q=0.8,application/signed-exchange;v=b3;q=0.7","sec-fetch-site":"none","sec-fetch-mode":"navigate","sec-fetch-user":"?1","sec-fetch-dest":"document","accept-encoding":"gzip, deflate, br, zstd","accept-language":"pt-BR,pt;q=0.9,en-US;q=0.8,en;q=0.7,es;q=0.6"} ClientIP=172.18.0.1 Protocol=http HTTPVersion=1.1
2025-10-08T03:20:28.277Z d0d50340-0cdd-4d56-be5d-633bd88a875a error: BlobStorageContextMiddleware: BlobStorageContextMiddleware: Value for one of the query parameters specified in the request URI is invalid.
2025-10-08T03:20:28.278Z d0d50340-0cdd-4d56-be5d-633bd88a875a error: ErrorMiddleware: Received a MiddlewareError, fill error information to HTTP response
2025-10-08T03:20:28.279Z d0d50340-0cdd-4d56-be5d-633bd88a875a error: ErrorMiddleware: ErrorName=StorageError ErrorMessage=Value for one of the query parameters specified in the request URI is invalid.  ErrorHTTPStatusCode=400 ErrorHTTPStatusMessage=Value for one of the query parameters specified in the request URI is invalid. ErrorHTTPHeaders={"x-ms-error-code":"InvalidQueryParameterValue","x-ms-request-id":"d0d50340-0cdd-4d56-be5d-633bd88a875a"} ErrorHTTPBody="<?xml version=\"1.0\" encoding=\"UTF-8\" standalone=\"yes\"?>\n<Error>\n  <Code>InvalidQueryParameterValue</Code>\n  <Message>Value for one of the query parameters specified in the request URI is invalid.\nRequestId:d0d50340-0cdd-4d56-be5d-633bd88a875a\nTime:2025-10-08T03:20:28.262Z</Message>\n</Error>" ErrorStack="StorageError: Value for one of the query parameters specified in the request URI is invalid.\n    at StorageErrorFactory.getInvalidQueryParameterValue (/opt/azurite/dist/src/blob/errors/StorageErrorFactory.js:45:16)\n    at blobStorageContextMiddleware (/opt/azurite/dist/src/blob/middlewares/blobStorageContext.middleware.js:127:60)\n    at /opt/azurite/dist/src/blob/middlewares/blobStorageContext.middleware.js:15:16\n    at Layer.handle [as handle_request] (/opt/azurite/node_modules/express/lib/router/layer.js:95:5)\n    at trim_prefix (/opt/azurite/node_modules/express/lib/router/index.js:328:13)\n    at /opt/azurite/node_modules/express/lib/router/index.js:286:9\n    at Function.process_params (/opt/azurite/node_modules/express/lib/router/index.js:346:12)\n    at next (/opt/azurite/node_modules/express/lib/router/index.js:280:10)\n    at logger (/opt/azurite/node_modules/morgan/index.js:144:5)\n    at Layer.handle [as handle_request] (/opt/azurite/node_modules/express/lib/router/layer.js:95:5)"
2025-10-08T03:20:28.279Z d0d50340-0cdd-4d56-be5d-633bd88a875a error: ErrorMiddleware: Set HTTP code: 400
2025-10-08T03:20:28.279Z d0d50340-0cdd-4d56-be5d-633bd88a875a error: ErrorMiddleware: Set HTTP status message: Value for one of the query parameters specified in the request URI is invalid.
2025-10-08T03:20:28.279Z d0d50340-0cdd-4d56-be5d-633bd88a875a error: ErrorMiddleware: Set HTTP Header: x-ms-error-code=InvalidQueryParameterValue
2025-10-08T03:20:28.279Z d0d50340-0cdd-4d56-be5d-633bd88a875a error: ErrorMiddleware: Set HTTP Header: x-ms-request-id=d0d50340-0cdd-4d56-be5d-633bd88a875a
2025-10-08T03:20:28.279Z d0d50340-0cdd-4d56-be5d-633bd88a875a error: ErrorMiddleware: Set content type: application/xml
2025-10-08T03:20:28.279Z d0d50340-0cdd-4d56-be5d-633bd88a875a error: ErrorMiddleware: Set HTTP body: "<?xml version=\"1.0\" encoding=\"UTF-8\" standalone=\"yes\"?>\n<Error>\n  <Code>InvalidQueryParameterValue</Code>\n  <Message>Value for one of the query parameters specified in the request URI is invalid.\nRequestId:d0d50340-0cdd-4d56-be5d-633bd88a875a\nTime:2025-10-08T03:20:28.262Z</Message>\n</Error>"
2025-10-08T03:20:28.284Z d0d50340-0cdd-4d56-be5d-633bd88a875a verbose: Send Blob telemetry: B_Service_SetProperties
2025-10-08T03:20:28.284Z d0d50340-0cdd-4d56-be5d-633bd88a875a info: EndMiddleware: End response. TotalTimeInMS=23 StatusCode=400 StatusMessage=Value for one of the query parameters specified in the request URI is invalid. Headers={"server":"Azurite-Blob/3.35.0","x-ms-error-code":"InvalidQueryParameterValue","x-ms-request-id":"d0d50340-0cdd-4d56-be5d-633bd88a875a","content-type":"application/xml"}
2025-10-08T03:20:28.944Z 60146665-8b94-4f23-afec-ae06dab7c7df info: BlobStorageContextMiddleware: RequestMethod=GET RequestURL=http://localhost/favicon.ico RequestHeaders:{"host":"localhost:10000","connection":"keep-alive","sec-ch-ua-platform":"\"Windows\"","user-agent":"Mozilla/5.0 (Windows NT 10.0; Win64; x64) AppleWebKit/537.36 (KHTML, like Gecko) Chrome/138.0.0.0 Safari/537.36 OPR/122.0.0.0","sec-ch-ua":"\"Not)A;Brand\";v=\"8\", \"Chromium\";v=\"138\", \"Opera GX\";v=\"122\"","sec-ch-ua-mobile":"?0","accept":"image/avif,image/webp,image/apng,image/svg+xml,image/*,*/*;q=0.8","sec-fetch-site":"same-origin","sec-fetch-mode":"no-cors","sec-fetch-dest":"image","referer":"http://localhost:10000/","accept-encoding":"gzip, deflate, br, zstd","accept-language":"pt-BR,pt;q=0.9,en-US;q=0.8,en;q=0.7,es;q=0.6"} ClientIP=172.18.0.1 Protocol=http HTTPVersion=1.1
2025-10-08T03:20:28.944Z 60146665-8b94-4f23-afec-ae06dab7c7df info: BlobStorageContextMiddleware: Account=favicon.ico Container=undefined Blob=
2025-10-08T03:20:28.945Z 60146665-8b94-4f23-afec-ae06dab7c7df verbose: DispatchMiddleware: Dispatching request...
2025-10-08T03:20:28.947Z 60146665-8b94-4f23-afec-ae06dab7c7df error: DispatchMiddleware: Incoming URL doesn't match any of swagger defined request patterns.
2025-10-08T03:20:28.947Z 60146665-8b94-4f23-afec-ae06dab7c7df error: ErrorMiddleware: Received a MiddlewareError, fill error information to HTTP response
2025-10-08T03:20:28.947Z 60146665-8b94-4f23-afec-ae06dab7c7df error: ErrorMiddleware: ErrorName=UnsupportedRequestError ErrorMessage=Incoming URL doesn't match any of swagger defined request patterns.  ErrorHTTPStatusCode=400 ErrorHTTPStatusMessage=undefined ErrorHTTPHeaders=undefined ErrorHTTPBody=undefined ErrorStack="UnsupportedRequestError: Incoming URL doesn't match any of swagger defined request patterns.\n    at dispatchMiddleware (/opt/azurite/dist/src/blob/generated/middleware/dispatch.middleware.js:41:30)\n    at /opt/azurite/dist/src/blob/generated/ExpressMiddlewareFactory.js:50:47\n    at Layer.handle [as handle_request] (/opt/azurite/node_modules/express/lib/router/layer.js:95:5)\n    at trim_prefix (/opt/azurite/node_modules/express/lib/router/index.js:328:13)\n    at /opt/azurite/node_modules/express/lib/router/index.js:286:9\n    at Function.process_params (/opt/azurite/node_modules/express/lib/router/index.js:346:12)\n    at next (/opt/azurite/node_modules/express/lib/router/index.js:280:10)\n    at blobStorageContextMiddleware (/opt/azurite/dist/src/blob/middlewares/blobStorageContext.middleware.js:137:5)\n    at /opt/azurite/dist/src/blob/middlewares/blobStorageContext.middleware.js:15:16\n    at Layer.handle [as handle_request] (/opt/azurite/node_modules/express/lib/router/layer.js:95:5)"
2025-10-08T03:20:28.947Z 60146665-8b94-4f23-afec-ae06dab7c7df error: ErrorMiddleware: Set HTTP code: 400
2025-10-08T03:20:28.947Z 60146665-8b94-4f23-afec-ae06dab7c7df error: ErrorMiddleware: Set HTTP body: undefined
2025-10-08T03:20:28.947Z 60146665-8b94-4f23-afec-ae06dab7c7df verbose: Send Blob telemetry: B_Service_SetProperties
2025-10-08T03:20:28.947Z 60146665-8b94-4f23-afec-ae06dab7c7df info: EndMiddleware: End response. TotalTimeInMS=3 StatusCode=400 StatusMessage=undefined Headers={"server":"Azurite-Blob/3.35.0"}
2025-10-08T03:21:09.846Z 	 info: AccountDataStore:init() Refresh accounts from environment variable AZURITE_ACCOUNTS with value undefined
2025-10-08T03:21:09.846Z 	 info: AccountDataStore:init() Fallback to default emulator account devstoreaccount1.
2025-10-08T03:22:09.848Z 	 info: AccountDataStore:init() Refresh accounts from environment variable AZURITE_ACCOUNTS with value undefined
2025-10-08T03:22:09.848Z 	 info: AccountDataStore:init() Fallback to default emulator account devstoreaccount1.
2025-10-08T03:23:09.850Z 	 info: AccountDataStore:init() Refresh accounts from environment variable AZURITE_ACCOUNTS with value undefined
2025-10-08T03:23:09.851Z 	 info: AccountDataStore:init() Fallback to default emulator account devstoreaccount1.
2025-10-08T03:24:09.851Z 	 info: AccountDataStore:init() Refresh accounts from environment variable AZURITE_ACCOUNTS with value undefined
2025-10-08T03:24:09.852Z 	 info: AccountDataStore:init() Fallback to default emulator account devstoreaccount1.
2025-10-08T03:25:02.248Z 	 verbose: Send stop telemetry
2025-10-08T03:25:02.249Z 	 info: Azurite Blob service is closing...
2025-10-08T03:25:02.249Z 	 info: BlobGCManager:close() Start closing BlobGCManager. Set status to Closing.
2025-10-08T03:25:02.249Z 	 info: BlobGCManager:start() Mark and sweep loop is closed.
2025-10-08T03:25:02.249Z 	 info: BlobGCManager:close() BlobGCManager successfully closed. Set status to Closed.
2025-10-08T03:25:02.250Z 	 info: Azurite Blob service successfully closed
2025-10-08T03:25:06.111Z 	 info: Azurite Blob service is starting on 0.0.0.0:10000
2025-10-08T03:25:06.114Z 	 info: AccountDataStore:init() Refresh accounts from environment variable AZURITE_ACCOUNTS with value undefined
2025-10-08T03:25:06.114Z 	 info: AccountDataStore:init() Fallback to default emulator account devstoreaccount1.
2025-10-08T03:25:06.141Z 	 info: BlobGCManager:start() Starting BlobGCManager. Set status to Initializing.
2025-10-08T03:25:06.142Z 	 info: BlobGCManager:start() Trigger mark and sweep loop. Set status to Running.
2025-10-08T03:25:06.142Z 	 info: BlobGCManager:markSweepLoop() Start next mark and sweep.
2025-10-08T03:25:06.142Z 	 info: BlobGCManager:markSweep() Get all extents.
2025-10-08T03:25:06.143Z 	 info: BlobGCManager:start() BlobGCManager successfully started.
2025-10-08T03:25:06.146Z 	 info: BlobGCManager:markSweep() Got 0 extents.
2025-10-08T03:25:06.146Z 	 info: BlobGCManager:markSweep() Get referred extents.
2025-10-08T03:25:06.147Z 	 info: BlobGCManager:markSweep() Got referred extents, unreferenced extents count is 0.
2025-10-08T03:25:06.147Z 	 info: BlobGCManager:markSweepLoop() Mark and sweep finished, taken 5ms.
2025-10-08T03:25:06.147Z 	 info: BlobGCManager:markSweepLoop() Sleep for 600000ms.
2025-10-08T03:25:06.154Z 	 info: Azurite Blob service successfully listens on http://0.0.0.0:10000
2025-10-08T03:25:06.159Z 	 info: InstaceID 666abe92-08ec-43cc-b41a-c7b9d6e1b65d, SessionID 8061a2ee-dcd2-47c8-aaa5-86c367e1733e.
2025-10-08T03:25:06.200Z 	 info: Telemetry initialize successfully.
2025-10-08T03:25:06.206Z 	 verbose: Send start telemetry
2025-10-08T03:26:06.117Z 	 info: AccountDataStore:init() Refresh accounts from environment variable AZURITE_ACCOUNTS with value undefined
2025-10-08T03:26:06.117Z 	 info: AccountDataStore:init() Fallback to default emulator account devstoreaccount1.
2025-10-08T03:26:08.958Z 4b02fa8a-0758-4165-8deb-b00a19b19ac6 info: BlobStorageContextMiddleware: RequestMethod=GET RequestURL=http://localhost/ RequestHeaders:{"host":"localhost:10000","connection":"keep-alive","sec-ch-ua":"\"Not)A;Brand\";v=\"8\", \"Chromium\";v=\"138\", \"Opera GX\";v=\"122\"","sec-ch-ua-mobile":"?0","sec-ch-ua-platform":"\"Windows\"","upgrade-insecure-requests":"1","user-agent":"Mozilla/5.0 (Windows NT 10.0; Win64; x64) AppleWebKit/537.36 (KHTML, like Gecko) Chrome/138.0.0.0 Safari/537.36 OPR/122.0.0.0","accept":"text/html,application/xhtml+xml,application/xml;q=0.9,image/avif,image/webp,image/apng,*/*;q=0.8,application/signed-exchange;v=b3;q=0.7","sec-fetch-site":"none","sec-fetch-mode":"navigate","sec-fetch-user":"?1","sec-fetch-dest":"document","accept-encoding":"gzip, deflate, br, zstd","accept-language":"pt-BR,pt;q=0.9,en-US;q=0.8,en;q=0.7,es;q=0.6"} ClientIP=172.18.0.1 Protocol=http HTTPVersion=1.1
2025-10-08T03:26:08.972Z 4b02fa8a-0758-4165-8deb-b00a19b19ac6 error: BlobStorageContextMiddleware: BlobStorageContextMiddleware: Value for one of the query parameters specified in the request URI is invalid.
2025-10-08T03:26:08.973Z 4b02fa8a-0758-4165-8deb-b00a19b19ac6 error: ErrorMiddleware: Received a MiddlewareError, fill error information to HTTP response
2025-10-08T03:26:08.973Z 4b02fa8a-0758-4165-8deb-b00a19b19ac6 error: ErrorMiddleware: ErrorName=StorageError ErrorMessage=Value for one of the query parameters specified in the request URI is invalid.  ErrorHTTPStatusCode=400 ErrorHTTPStatusMessage=Value for one of the query parameters specified in the request URI is invalid. ErrorHTTPHeaders={"x-ms-error-code":"InvalidQueryParameterValue","x-ms-request-id":"4b02fa8a-0758-4165-8deb-b00a19b19ac6"} ErrorHTTPBody="<?xml version=\"1.0\" encoding=\"UTF-8\" standalone=\"yes\"?>\n<Error>\n  <Code>InvalidQueryParameterValue</Code>\n  <Message>Value for one of the query parameters specified in the request URI is invalid.\nRequestId:4b02fa8a-0758-4165-8deb-b00a19b19ac6\nTime:2025-10-08T03:26:08.959Z</Message>\n</Error>" ErrorStack="StorageError: Value for one of the query parameters specified in the request URI is invalid.\n    at StorageErrorFactory.getInvalidQueryParameterValue (/opt/azurite/dist/src/blob/errors/StorageErrorFactory.js:45:16)\n    at blobStorageContextMiddleware (/opt/azurite/dist/src/blob/middlewares/blobStorageContext.middleware.js:127:60)\n    at /opt/azurite/dist/src/blob/middlewares/blobStorageContext.middleware.js:15:16\n    at Layer.handle [as handle_request] (/opt/azurite/node_modules/express/lib/router/layer.js:95:5)\n    at trim_prefix (/opt/azurite/node_modules/express/lib/router/index.js:328:13)\n    at /opt/azurite/node_modules/express/lib/router/index.js:286:9\n    at Function.process_params (/opt/azurite/node_modules/express/lib/router/index.js:346:12)\n    at next (/opt/azurite/node_modules/express/lib/router/index.js:280:10)\n    at logger (/opt/azurite/node_modules/morgan/index.js:144:5)\n    at Layer.handle [as handle_request] (/opt/azurite/node_modules/express/lib/router/layer.js:95:5)"
2025-10-08T03:26:08.973Z 4b02fa8a-0758-4165-8deb-b00a19b19ac6 error: ErrorMiddleware: Set HTTP code: 400
2025-10-08T03:26:08.973Z 4b02fa8a-0758-4165-8deb-b00a19b19ac6 error: ErrorMiddleware: Set HTTP status message: Value for one of the query parameters specified in the request URI is invalid.
2025-10-08T03:26:08.973Z 4b02fa8a-0758-4165-8deb-b00a19b19ac6 error: ErrorMiddleware: Set HTTP Header: x-ms-error-code=InvalidQueryParameterValue
2025-10-08T03:26:08.973Z 4b02fa8a-0758-4165-8deb-b00a19b19ac6 error: ErrorMiddleware: Set HTTP Header: x-ms-request-id=4b02fa8a-0758-4165-8deb-b00a19b19ac6
2025-10-08T03:26:08.974Z 4b02fa8a-0758-4165-8deb-b00a19b19ac6 error: ErrorMiddleware: Set content type: application/xml
2025-10-08T03:26:08.974Z 4b02fa8a-0758-4165-8deb-b00a19b19ac6 error: ErrorMiddleware: Set HTTP body: "<?xml version=\"1.0\" encoding=\"UTF-8\" standalone=\"yes\"?>\n<Error>\n  <Code>InvalidQueryParameterValue</Code>\n  <Message>Value for one of the query parameters specified in the request URI is invalid.\nRequestId:4b02fa8a-0758-4165-8deb-b00a19b19ac6\nTime:2025-10-08T03:26:08.959Z</Message>\n</Error>"
2025-10-08T03:26:08.976Z 4b02fa8a-0758-4165-8deb-b00a19b19ac6 verbose: Send Blob telemetry: B_Service_SetProperties
2025-10-08T03:26:08.976Z 4b02fa8a-0758-4165-8deb-b00a19b19ac6 info: EndMiddleware: End response. TotalTimeInMS=18 StatusCode=400 StatusMessage=Value for one of the query parameters specified in the request URI is invalid. Headers={"server":"Azurite-Blob/3.35.0","x-ms-error-code":"InvalidQueryParameterValue","x-ms-request-id":"4b02fa8a-0758-4165-8deb-b00a19b19ac6","content-type":"application/xml"}
2025-10-08T03:26:09.652Z 9c7049c0-d5dc-4fde-80d5-1f17f4b90165 info: BlobStorageContextMiddleware: RequestMethod=GET RequestURL=http://localhost/favicon.ico RequestHeaders:{"host":"localhost:10000","connection":"keep-alive","sec-ch-ua-platform":"\"Windows\"","user-agent":"Mozilla/5.0 (Windows NT 10.0; Win64; x64) AppleWebKit/537.36 (KHTML, like Gecko) Chrome/138.0.0.0 Safari/537.36 OPR/122.0.0.0","sec-ch-ua":"\"Not)A;Brand\";v=\"8\", \"Chromium\";v=\"138\", \"Opera GX\";v=\"122\"","sec-ch-ua-mobile":"?0","accept":"image/avif,image/webp,image/apng,image/svg+xml,image/*,*/*;q=0.8","sec-fetch-site":"same-origin","sec-fetch-mode":"no-cors","sec-fetch-dest":"image","referer":"http://localhost:10000/","accept-encoding":"gzip, deflate, br, zstd","accept-language":"pt-BR,pt;q=0.9,en-US;q=0.8,en;q=0.7,es;q=0.6"} ClientIP=172.18.0.1 Protocol=http HTTPVersion=1.1
2025-10-08T03:26:09.653Z 9c7049c0-d5dc-4fde-80d5-1f17f4b90165 info: BlobStorageContextMiddleware: Account=favicon.ico Container=undefined Blob=
2025-10-08T03:26:09.653Z 9c7049c0-d5dc-4fde-80d5-1f17f4b90165 verbose: DispatchMiddleware: Dispatching request...
2025-10-08T03:26:09.655Z 9c7049c0-d5dc-4fde-80d5-1f17f4b90165 error: DispatchMiddleware: Incoming URL doesn't match any of swagger defined request patterns.
2025-10-08T03:26:09.655Z 9c7049c0-d5dc-4fde-80d5-1f17f4b90165 error: ErrorMiddleware: Received a MiddlewareError, fill error information to HTTP response
2025-10-08T03:26:09.655Z 9c7049c0-d5dc-4fde-80d5-1f17f4b90165 error: ErrorMiddleware: ErrorName=UnsupportedRequestError ErrorMessage=Incoming URL doesn't match any of swagger defined request patterns.  ErrorHTTPStatusCode=400 ErrorHTTPStatusMessage=undefined ErrorHTTPHeaders=undefined ErrorHTTPBody=undefined ErrorStack="UnsupportedRequestError: Incoming URL doesn't match any of swagger defined request patterns.\n    at dispatchMiddleware (/opt/azurite/dist/src/blob/generated/middleware/dispatch.middleware.js:41:30)\n    at /opt/azurite/dist/src/blob/generated/ExpressMiddlewareFactory.js:50:47\n    at Layer.handle [as handle_request] (/opt/azurite/node_modules/express/lib/router/layer.js:95:5)\n    at trim_prefix (/opt/azurite/node_modules/express/lib/router/index.js:328:13)\n    at /opt/azurite/node_modules/express/lib/router/index.js:286:9\n    at Function.process_params (/opt/azurite/node_modules/express/lib/router/index.js:346:12)\n    at next (/opt/azurite/node_modules/express/lib/router/index.js:280:10)\n    at blobStorageContextMiddleware (/opt/azurite/dist/src/blob/middlewares/blobStorageContext.middleware.js:137:5)\n    at /opt/azurite/dist/src/blob/middlewares/blobStorageContext.middleware.js:15:16\n    at Layer.handle [as handle_request] (/opt/azurite/node_modules/express/lib/router/layer.js:95:5)"
2025-10-08T03:26:09.655Z 9c7049c0-d5dc-4fde-80d5-1f17f4b90165 error: ErrorMiddleware: Set HTTP code: 400
2025-10-08T03:26:09.655Z 9c7049c0-d5dc-4fde-80d5-1f17f4b90165 error: ErrorMiddleware: Set HTTP body: undefined
2025-10-08T03:26:09.656Z 9c7049c0-d5dc-4fde-80d5-1f17f4b90165 verbose: Send Blob telemetry: B_Service_SetProperties
2025-10-08T03:26:09.656Z 9c7049c0-d5dc-4fde-80d5-1f17f4b90165 info: EndMiddleware: End response. TotalTimeInMS=4 StatusCode=400 StatusMessage=undefined Headers={"server":"Azurite-Blob/3.35.0"}
2025-10-08T03:27:06.119Z 	 info: AccountDataStore:init() Refresh accounts from environment variable AZURITE_ACCOUNTS with value undefined
2025-10-08T03:27:06.120Z 	 info: AccountDataStore:init() Fallback to default emulator account devstoreaccount1.
2025-10-08T03:28:06.121Z 	 info: AccountDataStore:init() Refresh accounts from environment variable AZURITE_ACCOUNTS with value undefined
2025-10-08T03:28:06.121Z 	 info: AccountDataStore:init() Fallback to default emulator account devstoreaccount1.
2025-10-08T03:29:06.124Z 	 info: AccountDataStore:init() Refresh accounts from environment variable AZURITE_ACCOUNTS with value undefined
2025-10-08T03:29:06.124Z 	 info: AccountDataStore:init() Fallback to default emulator account devstoreaccount1.
2025-10-08T03:29:13.473Z f1976224-f9aa-4298-a053-8e5a46fb0c92 info: BlobStorageContextMiddleware: RequestMethod=GET RequestURL=http://localhost/ RequestHeaders:{"host":"localhost:10000","connection":"keep-alive","sec-ch-ua":"\"Not)A;Brand\";v=\"8\", \"Chromium\";v=\"138\", \"Opera GX\";v=\"122\"","sec-ch-ua-mobile":"?0","sec-ch-ua-platform":"\"Windows\"","upgrade-insecure-requests":"1","user-agent":"Mozilla/5.0 (Windows NT 10.0; Win64; x64) AppleWebKit/537.36 (KHTML, like Gecko) Chrome/138.0.0.0 Safari/537.36 OPR/122.0.0.0","accept":"text/html,application/xhtml+xml,application/xml;q=0.9,image/avif,image/webp,image/apng,*/*;q=0.8,application/signed-exchange;v=b3;q=0.7","sec-fetch-site":"none","sec-fetch-mode":"navigate","sec-fetch-user":"?1","sec-fetch-dest":"document","accept-encoding":"gzip, deflate, br, zstd","accept-language":"pt-BR,pt;q=0.9,en-US;q=0.8,en;q=0.7,es;q=0.6"} ClientIP=172.18.0.1 Protocol=http HTTPVersion=1.1
2025-10-08T03:29:13.474Z f1976224-f9aa-4298-a053-8e5a46fb0c92 error: BlobStorageContextMiddleware: BlobStorageContextMiddleware: Value for one of the query parameters specified in the request URI is invalid.
2025-10-08T03:29:13.474Z f1976224-f9aa-4298-a053-8e5a46fb0c92 error: ErrorMiddleware: Received a MiddlewareError, fill error information to HTTP response
2025-10-08T03:29:13.474Z f1976224-f9aa-4298-a053-8e5a46fb0c92 error: ErrorMiddleware: ErrorName=StorageError ErrorMessage=Value for one of the query parameters specified in the request URI is invalid.  ErrorHTTPStatusCode=400 ErrorHTTPStatusMessage=Value for one of the query parameters specified in the request URI is invalid. ErrorHTTPHeaders={"x-ms-error-code":"InvalidQueryParameterValue","x-ms-request-id":"f1976224-f9aa-4298-a053-8e5a46fb0c92"} ErrorHTTPBody="<?xml version=\"1.0\" encoding=\"UTF-8\" standalone=\"yes\"?>\n<Error>\n  <Code>InvalidQueryParameterValue</Code>\n  <Message>Value for one of the query parameters specified in the request URI is invalid.\nRequestId:f1976224-f9aa-4298-a053-8e5a46fb0c92\nTime:2025-10-08T03:29:13.473Z</Message>\n</Error>" ErrorStack="StorageError: Value for one of the query parameters specified in the request URI is invalid.\n    at StorageErrorFactory.getInvalidQueryParameterValue (/opt/azurite/dist/src/blob/errors/StorageErrorFactory.js:45:16)\n    at blobStorageContextMiddleware (/opt/azurite/dist/src/blob/middlewares/blobStorageContext.middleware.js:127:60)\n    at /opt/azurite/dist/src/blob/middlewares/blobStorageContext.middleware.js:15:16\n    at Layer.handle [as handle_request] (/opt/azurite/node_modules/express/lib/router/layer.js:95:5)\n    at trim_prefix (/opt/azurite/node_modules/express/lib/router/index.js:328:13)\n    at /opt/azurite/node_modules/express/lib/router/index.js:286:9\n    at Function.process_params (/opt/azurite/node_modules/express/lib/router/index.js:346:12)\n    at next (/opt/azurite/node_modules/express/lib/router/index.js:280:10)\n    at logger (/opt/azurite/node_modules/morgan/index.js:144:5)\n    at Layer.handle [as handle_request] (/opt/azurite/node_modules/express/lib/router/layer.js:95:5)"
2025-10-08T03:29:13.475Z f1976224-f9aa-4298-a053-8e5a46fb0c92 error: ErrorMiddleware: Set HTTP code: 400
2025-10-08T03:29:13.475Z f1976224-f9aa-4298-a053-8e5a46fb0c92 error: ErrorMiddleware: Set HTTP status message: Value for one of the query parameters specified in the request URI is invalid.
2025-10-08T03:29:13.475Z f1976224-f9aa-4298-a053-8e5a46fb0c92 error: ErrorMiddleware: Set HTTP Header: x-ms-error-code=InvalidQueryParameterValue
2025-10-08T03:29:13.475Z f1976224-f9aa-4298-a053-8e5a46fb0c92 error: ErrorMiddleware: Set HTTP Header: x-ms-request-id=f1976224-f9aa-4298-a053-8e5a46fb0c92
2025-10-08T03:29:13.475Z f1976224-f9aa-4298-a053-8e5a46fb0c92 error: ErrorMiddleware: Set content type: application/xml
2025-10-08T03:29:13.475Z f1976224-f9aa-4298-a053-8e5a46fb0c92 error: ErrorMiddleware: Set HTTP body: "<?xml version=\"1.0\" encoding=\"UTF-8\" standalone=\"yes\"?>\n<Error>\n  <Code>InvalidQueryParameterValue</Code>\n  <Message>Value for one of the query parameters specified in the request URI is invalid.\nRequestId:f1976224-f9aa-4298-a053-8e5a46fb0c92\nTime:2025-10-08T03:29:13.473Z</Message>\n</Error>"
2025-10-08T03:29:13.476Z f1976224-f9aa-4298-a053-8e5a46fb0c92 verbose: Send Blob telemetry: B_Service_SetProperties
2025-10-08T03:29:13.476Z f1976224-f9aa-4298-a053-8e5a46fb0c92 info: EndMiddleware: End response. TotalTimeInMS=3 StatusCode=400 StatusMessage=Value for one of the query parameters specified in the request URI is invalid. Headers={"server":"Azurite-Blob/3.35.0","x-ms-error-code":"InvalidQueryParameterValue","x-ms-request-id":"f1976224-f9aa-4298-a053-8e5a46fb0c92","content-type":"application/xml"}
2025-10-08T03:29:14.169Z 4dd05556-081f-42df-a65b-d04a642c1ceb info: BlobStorageContextMiddleware: RequestMethod=GET RequestURL=http://localhost/favicon.ico RequestHeaders:{"host":"localhost:10000","connection":"keep-alive","sec-ch-ua-platform":"\"Windows\"","user-agent":"Mozilla/5.0 (Windows NT 10.0; Win64; x64) AppleWebKit/537.36 (KHTML, like Gecko) Chrome/138.0.0.0 Safari/537.36 OPR/122.0.0.0","sec-ch-ua":"\"Not)A;Brand\";v=\"8\", \"Chromium\";v=\"138\", \"Opera GX\";v=\"122\"","sec-ch-ua-mobile":"?0","accept":"image/avif,image/webp,image/apng,image/svg+xml,image/*,*/*;q=0.8","sec-fetch-site":"same-origin","sec-fetch-mode":"no-cors","sec-fetch-dest":"image","referer":"http://localhost:10000/","accept-encoding":"gzip, deflate, br, zstd","accept-language":"pt-BR,pt;q=0.9,en-US;q=0.8,en;q=0.7,es;q=0.6"} ClientIP=172.18.0.1 Protocol=http HTTPVersion=1.1
2025-10-08T03:29:14.170Z 4dd05556-081f-42df-a65b-d04a642c1ceb info: BlobStorageContextMiddleware: Account=favicon.ico Container=undefined Blob=
2025-10-08T03:29:14.170Z 4dd05556-081f-42df-a65b-d04a642c1ceb verbose: DispatchMiddleware: Dispatching request...
2025-10-08T03:29:14.170Z 4dd05556-081f-42df-a65b-d04a642c1ceb error: DispatchMiddleware: Incoming URL doesn't match any of swagger defined request patterns.
2025-10-08T03:29:14.170Z 4dd05556-081f-42df-a65b-d04a642c1ceb error: ErrorMiddleware: Received a MiddlewareError, fill error information to HTTP response
2025-10-08T03:29:14.170Z 4dd05556-081f-42df-a65b-d04a642c1ceb error: ErrorMiddleware: ErrorName=UnsupportedRequestError ErrorMessage=Incoming URL doesn't match any of swagger defined request patterns.  ErrorHTTPStatusCode=400 ErrorHTTPStatusMessage=undefined ErrorHTTPHeaders=undefined ErrorHTTPBody=undefined ErrorStack="UnsupportedRequestError: Incoming URL doesn't match any of swagger defined request patterns.\n    at dispatchMiddleware (/opt/azurite/dist/src/blob/generated/middleware/dispatch.middleware.js:41:30)\n    at /opt/azurite/dist/src/blob/generated/ExpressMiddlewareFactory.js:50:47\n    at Layer.handle [as handle_request] (/opt/azurite/node_modules/express/lib/router/layer.js:95:5)\n    at trim_prefix (/opt/azurite/node_modules/express/lib/router/index.js:328:13)\n    at /opt/azurite/node_modules/express/lib/router/index.js:286:9\n    at Function.process_params (/opt/azurite/node_modules/express/lib/router/index.js:346:12)\n    at next (/opt/azurite/node_modules/express/lib/router/index.js:280:10)\n    at blobStorageContextMiddleware (/opt/azurite/dist/src/blob/middlewares/blobStorageContext.middleware.js:137:5)\n    at /opt/azurite/dist/src/blob/middlewares/blobStorageContext.middleware.js:15:16\n    at Layer.handle [as handle_request] (/opt/azurite/node_modules/express/lib/router/layer.js:95:5)"
2025-10-08T03:29:14.170Z 4dd05556-081f-42df-a65b-d04a642c1ceb error: ErrorMiddleware: Set HTTP code: 400
2025-10-08T03:29:14.170Z 4dd05556-081f-42df-a65b-d04a642c1ceb error: ErrorMiddleware: Set HTTP body: undefined
2025-10-08T03:29:14.171Z 4dd05556-081f-42df-a65b-d04a642c1ceb verbose: Send Blob telemetry: B_Service_SetProperties
2025-10-08T03:29:14.171Z 4dd05556-081f-42df-a65b-d04a642c1ceb info: EndMiddleware: End response. TotalTimeInMS=2 StatusCode=400 StatusMessage=undefined Headers={"server":"Azurite-Blob/3.35.0"}
2025-10-08T03:30:06.127Z 	 info: AccountDataStore:init() Refresh accounts from environment variable AZURITE_ACCOUNTS with value undefined
2025-10-08T03:30:06.127Z 	 info: AccountDataStore:init() Fallback to default emulator account devstoreaccount1.
2025-10-08T03:31:06.129Z 	 info: AccountDataStore:init() Refresh accounts from environment variable AZURITE_ACCOUNTS with value undefined
2025-10-08T03:31:06.129Z 	 info: AccountDataStore:init() Fallback to default emulator account devstoreaccount1.
2025-10-08T03:32:06.131Z 	 info: AccountDataStore:init() Refresh accounts from environment variable AZURITE_ACCOUNTS with value undefined
2025-10-08T03:32:06.132Z 	 info: AccountDataStore:init() Fallback to default emulator account devstoreaccount1.
2025-10-08T03:33:06.130Z 	 info: AccountDataStore:init() Refresh accounts from environment variable AZURITE_ACCOUNTS with value undefined
2025-10-08T03:33:06.130Z 	 info: AccountDataStore:init() Fallback to default emulator account devstoreaccount1.
2025-10-08T03:34:06.132Z 	 info: AccountDataStore:init() Refresh accounts from environment variable AZURITE_ACCOUNTS with value undefined
2025-10-08T03:34:06.133Z 	 info: AccountDataStore:init() Fallback to default emulator account devstoreaccount1.
2025-10-08T03:35:06.125Z 	 info: BlobGCManager:markSweepLoop() Start next mark and sweep.
2025-10-08T03:35:06.125Z 	 info: BlobGCManager:markSweep() Get all extents.
2025-10-08T03:35:06.126Z 	 info: BlobGCManager:markSweep() Got 0 extents.
2025-10-08T03:35:06.126Z 	 info: BlobGCManager:markSweep() Get referred extents.
2025-10-08T03:35:06.126Z 	 info: BlobGCManager:markSweep() Got referred extents, unreferenced extents count is 0.
2025-10-08T03:35:06.126Z 	 info: BlobGCManager:markSweepLoop() Mark and sweep finished, taken 1ms.
2025-10-08T03:35:06.126Z 	 info: BlobGCManager:markSweepLoop() Sleep for 600000ms.
2025-10-08T03:35:06.130Z 	 info: AccountDataStore:init() Refresh accounts from environment variable AZURITE_ACCOUNTS with value undefined
2025-10-08T03:35:06.130Z 	 info: AccountDataStore:init() Fallback to default emulator account devstoreaccount1.
2025-10-08T03:36:06.133Z 	 info: AccountDataStore:init() Refresh accounts from environment variable AZURITE_ACCOUNTS with value undefined
2025-10-08T03:36:06.134Z 	 info: AccountDataStore:init() Fallback to default emulator account devstoreaccount1.
2025-10-08T03:37:06.134Z 	 info: AccountDataStore:init() Refresh accounts from environment variable AZURITE_ACCOUNTS with value undefined
2025-10-08T03:37:06.135Z 	 info: AccountDataStore:init() Fallback to default emulator account devstoreaccount1.
2025-10-08T03:38:06.138Z 	 info: AccountDataStore:init() Refresh accounts from environment variable AZURITE_ACCOUNTS with value undefined
2025-10-08T03:38:06.138Z 	 info: AccountDataStore:init() Fallback to default emulator account devstoreaccount1.
2025-10-08T03:39:06.139Z 	 info: AccountDataStore:init() Refresh accounts from environment variable AZURITE_ACCOUNTS with value undefined
2025-10-08T03:39:06.140Z 	 info: AccountDataStore:init() Fallback to default emulator account devstoreaccount1.
2025-10-08T03:40:06.137Z 	 info: AccountDataStore:init() Refresh accounts from environment variable AZURITE_ACCOUNTS with value undefined
2025-10-08T03:40:06.137Z 	 info: AccountDataStore:init() Fallback to default emulator account devstoreaccount1.
2025-10-08T03:40:53.958Z 	 verbose: Send stop telemetry
2025-10-08T03:40:53.959Z 	 info: Azurite Blob service is closing...
2025-10-08T03:40:53.959Z 	 info: BlobGCManager:close() Start closing BlobGCManager. Set status to Closing.
2025-10-08T03:40:53.959Z 	 info: BlobGCManager:start() Mark and sweep loop is closed.
2025-10-08T03:40:53.959Z 	 info: BlobGCManager:close() BlobGCManager successfully closed. Set status to Closed.
2025-10-08T03:40:53.960Z 	 info: Azurite Blob service successfully closed
